// Jest Snapshot v1, https://goo.gl/fbAQLP

exports[`should render correctly 1`] = `
.emotion-0 {
  all: unset;
  cursor: pointer;
  display: -webkit-box;
  display: -webkit-flex;
  display: -ms-flexbox;
  display: flex;
  -webkit-align-items: center;
  -webkit-box-align: center;
  -ms-flex-align: center;
  align-items: center;
  gap: 0.5rem;
  margin-left: 0.25rem;
  margin-right: 0.25rem;
  margin-top: 0.75rem;
  margin-bottom: 0.75rem;
  padding: 0.75rem;
  font-family: Inter,ui-sans-serif,system-ui,-apple-system,BlinkMacSystemFont,"Segoe UI",Roboto,"Helvetica Neue",Arial,"Noto Sans",sans-serif,"Apple Color Emoji","Segoe UI Emoji","Segoe UI Symbol","Noto Color Emoji";
  font-size: 1rem;
  line-height: 1.5rem;
  font-weight: 600;
  border-radius: 0.25rem;
  width: 100%;
  box-sizing: border-box;
  border: 1px solid rgb(253,162,155);
  color: rgb(62,67,87);
  font-weight: 600;
  word-break: break-word;
  background-color: rgb(255,255,255);
}

.emotion-0:focus-visible {
  background-color: rgb(239,242,249);
}

.emotion-0:hover {
  box-shadow: 0px 1px 3px 0px rgba(29,33,47,0.05),0px 1px 25px 0px rgba(29,33,47,0.05);
}

<div>
  <button
    class="emotion-0 emotion-1"
    data-issue="key"
  >
    message
  </button>
</div>
`;
