// Jest Snapshot v1, https://goo.gl/fbAQLP

exports[`addCustomEvent should correctly add a custom event 1`] = `
{
  "date": 2016-10-27T10:21:15.000Z,
  "events": [
    {
      "category": "OTHER",
      "key": "Enew",
      "name": "Foo",
    },
  ],
  "key": "A2",
}
`;

exports[`changeEvent should correctly update an event 1`] = `
{
  "date": 2016-10-27T14:33:50.000Z,
  "events": [
    {
      "category": "VERSION",
      "key": "E1",
      "name": "changed",
    },
  ],
  "key": "A1",
}
`;

exports[`deleteAnalysis should correctly delete an analyses 1`] = `
[
  {
    "date": 2016-10-27T10:21:15.000Z,
    "events": [],
    "key": "A2",
  },
  {
    "date": 2016-10-26T10:17:29.000Z,
    "events": [
      {
        "category": "OTHER",
        "key": "E2",
        "name": "foo",
      },
      {
        "category": "OTHER",
        "key": "E3",
        "name": "foo",
      },
    ],
    "key": "A3",
  },
]
`;

exports[`deleteEvent should correctly remove an event 1`] = `
{
  "date": 2016-10-27T14:33:50.000Z,
  "events": [],
  "key": "A1",
}
`;

exports[`deleteEvent should correctly remove an event 2`] = `
{
  "date": 2016-10-27T10:21:15.000Z,
  "events": [],
  "key": "A2",
}
`;

exports[`deleteEvent should correctly remove an event 3`] = `
{
  "date": 2016-10-26T10:17:29.000Z,
  "events": [
    {
      "category": "OTHER",
      "key": "E3",
      "name": "foo",
    },
  ],
  "key": "A3",
}
`;
