// Jest Snapshot v1, https://goo.gl/fbAQLP

exports[`should render with title 1`] = `
.emotion-0 {
  font-family: Inter,ui-sans-serif,system-ui,-apple-system,BlinkMacSystemFont,"Segoe UI",Roboto,"Helvetica Neue",Arial,"Noto Sans",sans-serif,"Apple Color Emoji","Segoe UI Emoji","Segoe UI Symbol","Noto Color Emoji";
  font-size: 1.5rem;
  line-height: 1.75rem;
  font-weight: 600;
  color: rgb(29,33,47);
}

<div>
  <div>
    <h2
      class="emotion-0 emotion-1"
      id="modal_header_title"
    >
      Foo
    </h2>
  </div>
</div>
`;

exports[`should render with title and description 1`] = `
.emotion-0 {
  font-family: Inter,ui-sans-serif,system-ui,-apple-system,BlinkMacSystemFont,"Segoe UI",Roboto,"Helvetica Neue",Arial,"Noto Sans",sans-serif,"Apple Color Emoji","Segoe UI Emoji","Segoe UI Symbol","Noto Color Emoji";
  font-size: 1.5rem;
  line-height: 1.75rem;
  font-weight: 600;
  color: rgb(29,33,47);
}

.emotion-2 {
  font-family: Inter,ui-sans-serif,system-ui,-apple-system,BlinkMacSystemFont,"Segoe UI",Roboto,"Helvetica Neue",Arial,"Noto Sans",sans-serif,"Apple Color Emoji","Segoe UI Emoji","Segoe UI Symbol","Noto Color Emoji";
  font-size: 0.875rem;
  line-height: 1.25rem;
  font-weight: 400;
  margin-top: 0.5rem;
  color: rgb(62,67,87);
}

<div>
  <div>
    <h2
      class="emotion-0 emotion-1"
      id="modal_header_title"
    >
      Foo
    </h2>
    <p
      class="emotion-2 emotion-3"
    >
      Bar
    </p>
  </div>
</div>
`;

exports[`should use the default title if not provided 1`] = `
.emotion-0 {
  font-family: Inter,ui-sans-serif,system-ui,-apple-system,BlinkMacSystemFont,"Segoe UI",Roboto,"Helvetica Neue",Arial,"Noto Sans",sans-serif,"Apple Color Emoji","Segoe UI Emoji","Segoe UI Symbol","Noto Color Emoji";
  font-size: 1.5rem;
  line-height: 1.75rem;
  font-weight: 600;
  color: rgb(29,33,47);
}

<div>
  <div>
    <h2
      class="emotion-0 emotion-1"
      id="modal_header_title"
    >
      Modal title
    </h2>
  </div>
</div>
`;
