// Jest Snapshot v1, https://goo.gl/fbAQLP

exports[`renders with children 1`] = `
.emotion-0 {
  font-family: Inter,ui-sans-serif,system-ui,-apple-system,BlinkMacSystemFont,"Segoe UI",Roboto,"Helvetica Neue",Arial,"Noto Sans",sans-serif,"Apple Color Emoji","Segoe UI Emoji","Segoe UI Symbol","Noto Color Emoji";
  font-size: 0.875rem;
  line-height: 1.25rem;
  font-weight: 400;
  padding-left: 0.75rem;
  padding-right: 0.75rem;
  margin-left: -0.75rem;
  margin-right: -0.75rem;
  margin-top: 3rem;
  margin-bottom: 3rem;
  overflow-x: hidden;
  color: rgb(62,67,87);
}

.emotion-0.scrollable {
  overflow-y: auto;
}

.emotion-0.overflowVisible {
  overflow: visible;
}

<div>
  <div
    class="scrollable emotion-0 emotion-1"
  >
    <div>
      Hello!
    </div>
  </div>
</div>
`;
