// Jest Snapshot v1, https://goo.gl/fbAQLP

exports[`should render correctly 1`] = `"<div><svg height="16" style="fill-rule: evenodd; clip-rule: evenodd; stroke-linejoin: round; stroke-miterlimit: 1.41421;" version="1.1" viewBox="0 0 16 16" width="16" xmlns:xlink="http://www.w3.org/1999/xlink" xml:space="preserve"><path d="test-path"></path></svg></div>"`;
